
Starting VibeField-Engine
Input: data/resources/guitar.mp4
Patch Size: 8
Freq Range: [10.0, 50.0] Hz
Saliency Threshold: 0.0001
Output Dir: data/results
Extracting Optical Flow (271 frames)...
  0%|          | 0/270 [00:00<?, ?it/s]
  3%|▎         | 8/270 [00:00<00:03, 73.86it/s]
  6%|▌         | 16/270 [00:00<00:03, 75.16it/s]
  9%|▉         | 24/270 [00:00<00:03, 75.35it/s]
 12%|█▏        | 32/270 [00:00<00:03, 76.13it/s]
 15%|█▍        | 40/270 [00:00<00:02, 77.14it/s]
 18%|█▊        | 48/270 [00:00<00:02, 77.91it/s]
 21%|██        | 56/270 [00:00<00:02, 77.34it/s]
 24%|██▎       | 64/270 [00:00<00:02, 77.41it/s]
 27%|██▋       | 72/270 [00:00<00:02, 77.31it/s]
 30%|██▉       | 80/270 [00:01<00:02, 77.71it/s]
 33%|███▎      | 88/270 [00:01<00:02, 77.54it/s]
 36%|███▌      | 96/270 [00:01<00:02, 77.88it/s]
 39%|███▊      | 104/270 [00:01<00:02, 77.88it/s]
 41%|████▏     | 112/270 [00:01<00:02, 78.16it/s]
 44%|████▍     | 120/270 [00:01<00:01, 78.65it/s]
 47%|████▋     | 128/270 [00:01<00:01, 78.47it/s]
 50%|█████     | 136/270 [00:01<00:01, 78.62it/s]
 53%|█████▎    | 144/270 [00:01<00:01, 78.83it/s]
 56%|█████▋    | 152/270 [00:01<00:01, 78.85it/s]
 59%|█████▉    | 160/270 [00:02<00:01, 79.03it/s]
 62%|██████▏   | 168/270 [00:02<00:01, 78.57it/s]
 65%|██████▌   | 176/270 [00:02<00:01, 78.67it/s]
 68%|██████▊   | 184/270 [00:02<00:01, 78.61it/s]
 71%|███████   | 192/270 [00:02<00:00, 78.71it/s]
 74%|███████▍  | 200/270 [00:02<00:00, 78.64it/s]
 77%|███████▋  | 208/270 [00:02<00:00, 78.68it/s]
 80%|████████  | 216/270 [00:02<00:00, 78.71it/s]
 83%|████████▎ | 224/270 [00:02<00:00, 78.74it/s]
 86%|████████▌ | 232/270 [00:02<00:00, 78.75it/s]
 89%|████████▉ | 240/270 [00:03<00:00, 79.03it/s]
 92%|█████████▏| 248/270 [00:03<00:00, 78.94it/s]
 95%|█████████▍| 256/270 [00:03<00:00, 78.50it/s]
 98%|█████████▊| 264/270 [00:03<00:00, 78.73it/s]
100%|██████████| 270/270 [00:03<00:00, 78.20it/s]
Error processing video: compressor cannot be used for arrays with zarr_format 3. Use bytes-to-bytes codecs instead.
Original Flow Shape: (270, 192, 432) @ 29.0 FPS
Patched Flow Shape: (270, 24, 54)
Saliency Filter: Retained 1293/1296 patches (99.77%)
Performing Complex FFT...
